###############################################################################
#
# replace various letters with their ASCII "base" character
#
à a
À A
á a
Á A
â a
Â A
ă a
Ă A
ǎ a
Ǎ A
ȧ a
Ȧ A
ā a
Ā A
ã a
ɑ a
ɓ b
Ɓ B
ĉ c
Ĉ C
ć c
Ć C
ċ c
Ċ C
ƈ c
Ƈ C
ḍ d
ɗ d
ȡ d
Ɗ D
è e
È E
é e
É E
ê e
Ê E
ē e
Ē E
ẽ e
ë e
ė e
Ė E
ɛ e
Ɛ E
ə e
Ǝ E
ƒ f
Ƒ F
ɣ ĥ
Ɣ Ĥ
ì i
Ì I
í i
Í I
î i
Î I
ĩ i
ï i
ɨ i
Ɨ I
ɩ i
ɪ i
ƙ k
Ƙ K
 k
 K
ƚ l
ḷ l
Ḷ L
ḻ l
Ḻ L
ḽ l
Ḽ L
ṁ m
Ṁ M
ṃ m
Ṃ M
ɱ m
 M
ñ ny
Ñ Ny
ɲ ny
Ɲ Ny
ŋ ng
Ŋ Ng
ɳ n
ò o
Ò O
ó o
Ó O
ô o
Ô O
ǒ o
Ǒ O
ȯ o
Ȯ O
ɔ o
Ɔ O
ṗ p
Ṗ P
ƥ p
Ƥ P
ᵽ p
Ᵽ P
ṣ s
Ṣ S
š ŝ
Š Ŝ
ş s
Ş S
ś s
Ś S
ṭ t
Ṭ T
ṫ t
Ṫ T
ṫ t
Ṫ T
ṱ t
Ṱ T
ƭ t
Ƭ T
Ʈ T
ŧ t
Ŧ T
ţ t
Ţ T
ù u
Ù U
ú u
Ú U
û u
Û U
ǔ u
Ǔ U
ü u
Ü U
ū u
Ū U
ũ u
ʉ u
ƴ y
ż z
ẓ z
Ż Z
ž ĝ
Ž Ĝ
ƶ z
Ƶ z
 z
 Z

###############################################################################
#
# delete the following characters not spoken in audio
#
<
>
«
»
*
†
‡

###############################################################################
#
# replace typographic hyphens/dashes/bars with - (U+002D)
#
U+2010 -
U+2011 -
U+2012 -
U+2013 -
U+2014 -
U+2015 -

###############################################################################
#
# delete other typographic marks
#
U+2000-U+200D
U+2016-U+201F
U+2039
U+203A

###############################################################################
#
# delete other modified letters
#
U+02B0-U+036F

